// Vitest Snapshot v1, https://vitest.dev/guide/snapshot.html

exports[`contentful-to-zod > should parse expected output 1`] = `
[
  {
    "fields": {
      "breadcrumbLabel": "Hem",
      "breadcrumbs": false,
      "content": [
        {
          "sys": {
            "contentType": {
              "sys": {
                "id": "bentoRow1",
              },
            },
          },
        },
      ],
      "hero": {
        "sys": {
          "contentType": {
            "sys": {
              "id": "hero",
            },
          },
        },
      },
      "layout": {
        "sys": {
          "contentType": {
            "sys": {
              "id": "layout",
            },
          },
        },
      },
      "path": "/",
    },
    "sys": {
      "contentType": {
        "sys": {
          "id": "page",
        },
      },
    },
  },
]
`;
